! tag interface in
set_tag=101 ip=1.1.1.7 in=538 jeq=eval_in
set_tag=102 ip=1.1.1.7 in=539 jeq=eval_in
set_tag=103 ip=1.1.1.7 in=541 jeq=eval_in
set_tag=104 ip=1.1.1.7 in=543 jeq=eval_in
set_tag=105 ip=1.1.1.8 in=538 jeq=eval_in
set_tag=110 ip=1.1.1.6 in=777 jeq=eval_in

! tag interface out
set_tag=201 ip=1.1.1.7 out=538 jeq=eval_out
set_tag=202 ip=1.1.1.7 out=539 jeq=eval_out
set_tag=203 ip=1.1.1.7 out=541 jeq=eval_out
set_tag=204 ip=1.1.1.7 out=543 jeq=eval_out
set_tag=205 ip=1.1.1.8 out=538 jeq=eval_out
set_tag=210 ip=1.1.1.6 out=777 jeq=eval_out

! tag cust1 in
set_tag2=100 ip=0.0.0.0/0 filter='dst net 1.2.123.0/24' label=eval_in
! tag cust2 in
set_tag2=101 ip=0.0.0.0/0 filter='dst net 1.2.124.128/25'
! tag cust3 in
set_tag2=102 ip=0.0.0.0/0 filter='dst net 1.3.232.0/22'
! tag cust4 in
set_tag2=103 ip=0.0.0.0/0 filter='dst net 1.2.179.0/25'
set_tag2=103 ip=0.0.0.0/0 filter='dst net 1.2.126.160/27'
set_tag2=103 ip=0.0.0.0/0 filter='dst net 1.2.120.192/28'

! tag cust1 out
set_tag2=100 ip=0.0.0.0/0 filter='src net 1.2.123.0/24' label=eval_out
! tag cust1 out
set_tag2=101 ip=0.0.0.0/0 filter='src net 1.2.124.128/25'
! tag cust3 out
set_tag2=102 ip=0.0.0.0/0 filter='src net 1.3.232.0/22'
! tag cust4 out
set_tag2=103 ip=0.0.0.0/0 filter='src net 1.2.179.0/25' 
set_tag2=103 ip=0.0.0.0/0 filter='src net 1.2.126.160/27' 
set_tag2=103 ip=0.0.0.0/0 filter='src net 1.2.120.192/28' 
